<?xml version="1.0" encoding="utf-8"?><testsuites><testsuite name="pytest" errors="0" failures="0" skipped="0" tests="2" time="0.054" timestamp="2024-11-06T14:34:43.324134-03:00" hostname="moises-Vostro-3520"><testcase classname="tests.test_calculator" name="test_add" time="0.002" /><testcase classname="tests.test_calculator" name="test_subtract" time="0.001" /></testsuite></testsuites>